Starting test...
Creating classifier...
Classifying query...
Intent: islamic_knowledge
Getting agent from registry...
Agent: GeneralIslamicAgent
Executing agent...
Answer: خطأ: cannot access local variable 'passages' where
DONE!